\BOOKMARK [1][-]{section.1}{\376\377\000O\000p\000i\000s\000\040\000p\000r\000o\000b\000l\000e\000m\000u}{}% 1
\BOOKMARK [2][-]{subsection.1.1}{\376\377\000P\000o\000r\000\363\000w\000n\000a\000n\000i\000e\000\040\000d\000o\000s\000t\001\031\000p\000n\000y\000c\000h\000\040\000r\000o\000z\000w\000i\001\005\000z\000a\001\104}{section.1}% 2
\BOOKMARK [2][-]{subsection.1.2}{\376\377\000M\000o\001\174\000l\000i\000w\000o\001\133\000c\000i\000\040\000z\000a\000s\000t\000o\000s\000o\000w\000a\000n\000i\000a\000\040\000p\000r\000a\000k\000t\000y\000c\000z\000n\000e\000g\000o}{section.1}% 3
\BOOKMARK [2][-]{subsection.1.3}{\376\377\000A\000s\000p\000e\000k\000t\000\040\000b\000a\000d\000a\000w\000c\000z\000y\000\040\000p\000r\000o\000j\000e\000k\000t\000u}{section.1}% 4
\BOOKMARK [1][-]{section.2}{\376\377\000P\000r\000o\000j\000e\000k\000t\000\040\000i\000\040\000a\000n\000a\000l\000i\000z\000a}{}% 5
\BOOKMARK [2][-]{subsection.2.1}{\376\377\000A\000k\000t\000o\000r\000z\000y\000\040\000i\000\040\000p\000r\000z\000y\000p\000a\000d\000k\000i\000\040\000u\001\174\000y\000c\000i\000a}{section.2}% 6
\BOOKMARK [2][-]{subsection.2.2}{\376\377\000W\000y\000m\000a\000g\000a\000n\000i\000a\000\040\000f\000u\000n\000k\000c\000j\000o\000n\000a\000l\000n\000e}{section.2}% 7
\BOOKMARK [2][-]{subsection.2.3}{\376\377\000D\000i\000a\000g\000r\000a\000m\000y\000\040\000k\000l\000a\000s}{section.2}% 8
\BOOKMARK [2][-]{subsection.2.4}{\376\377\000D\000i\000a\000g\000r\000a\000m\000\040\000m\000o\000d\000e\000l\000u\000\040\000d\000a\000n\000y\000c\000h}{section.2}% 9
\BOOKMARK [2][-]{subsection.2.5}{\376\377\000P\000r\000o\000j\000e\000k\000t\000\040\000i\000n\000t\000e\000r\000f\000e\000j\000s\000u\000\040\000u\001\174\000y\000t\000k\000o\000w\000n\000i\000k\000a}{section.2}% 10
\BOOKMARK [1][-]{section.3}{\376\377\000I\000m\000p\000l\000e\000m\000e\000n\000t\000a\000c\000j\000a}{}% 11
\BOOKMARK [2][-]{subsection.3.1}{\376\377\000A\000r\000c\000h\000i\000t\000e\000k\000t\000u\000r\000a\000\040\000r\000o\000z\000w\000i\001\005\000z\000a\000n\000i\000a}{section.3}% 12
\BOOKMARK [2][-]{subsection.3.2}{\376\377\000U\001\174\000y\000t\000e\000\040\000t\000e\000c\000h\000n\000o\000l\000o\000g\000i\000e}{section.3}% 13
\BOOKMARK [1][-]{section.4}{\376\377\000T\000e\000s\000t\000y}{}% 14
\BOOKMARK [2][-]{subsection.4.1}{\376\377\000S\000c\000e\000n\000a\000r\000i\000u\000s\000z\000\040\000t\000e\000s\000t\000o\000w\000a\000n\000i\000a}{section.4}% 15
\BOOKMARK [3][-]{subsubsection.4.1.1}{\376\377\000B\000a\000c\000k\000e\000n\000d}{subsection.4.1}% 16
\BOOKMARK [3][-]{subsubsection.4.1.2}{\376\377\000F\000r\000o\000n\000t\000e\000n\000d}{subsection.4.1}% 17
\BOOKMARK [2][-]{subsection.4.2}{\376\377\000R\000a\000p\000o\000r\000t\000\040\000z\000\040\000t\000e\000s\000t\000\363\000w}{section.4}% 18
\BOOKMARK [3][-]{subsubsection.4.2.1}{\376\377\000T\000e\000s\000t\000y\000\040\000j\000e\000d\000n\000o\000s\000t\000k\000o\000w\000e\000\040\000M\000u\000m\000m\000y}{subsection.4.2}% 19
\BOOKMARK [3][-]{subsubsection.4.2.2}{\376\377\000T\000e\000s\000t\000y\000\040\000j\000e\000d\000n\000o\000s\000t\000k\000o\000w\000e\000\040\000F\000r\000u\000i\000t\000o\000g\000e\000d\000o\000n}{subsection.4.2}% 20
\BOOKMARK [3][-]{subsubsection.4.2.3}{\376\377\000T\000e\000s\000t\000y\000\040\000j\000e\000d\000n\000o\000s\000t\000k\000o\000w\000e\000\040\000B\000l\000a\000c\000k\000j\000a\000c\000k}{subsection.4.2}% 21
\BOOKMARK [3][-]{subsubsection.4.2.4}{\376\377\000T\000e\000s\000t\000y\000\040\000j\000e\000d\000n\000o\000s\000t\000k\000o\000w\000e\000\040\000B\000a\000c\000c\000a\000r\000a\000t}{subsection.4.2}% 22
\BOOKMARK [3][-]{subsubsection.4.2.5}{\376\377\000T\000e\000s\000t\000y\000\040\000E\0002\000E}{subsection.4.2}% 23
\BOOKMARK [1][-]{section.5}{\376\377\000W\000k\001\102\000a\000d\000\040\000w\001\102\000a\000s\000n\000y}{}% 24
